Change Component Footprint: Designator=R8 Old Footprint=RES_10K_0603 New Footprint=Res_0603_N
Change Component Footprint: Designator=R11 Old Footprint=RES_10K_0603 New Footprint=Res_0603_N
Change Component Footprint: Designator=R26 Old Footprint=RES_10K_0603 New Footprint=Res_0603_N
Change Component Footprint: Designator=R28 Old Footprint=RES_10K_0603 New Footprint=Res_0603_N
Change Component Footprint: Designator=R30 Old Footprint=RES_10K_0603 New Footprint=Res_0603_N
Change Component Footprint: Designator=R32 Old Footprint=RES_10K_0603 New Footprint=Res_0603_N
Change Component Footprint: Designator=R34 Old Footprint=RES_10K_0603 New Footprint=Res_0603_N
Change Component Footprint: Designator=R36 Old Footprint=RES_10K_0603 New Footprint=Res_0603_N
Change Component Footprint: Designator=R37 Old Footprint=RES_10K_0603 New Footprint=Res_0603_N
Change Component Footprint: Designator=R43 Old Footprint=RES_10K_0603 New Footprint=Res_0603_N
Change Component Footprint: Designator=R48 Old Footprint=RES_10K_0603 New Footprint=Res_0603_N
Change Component Footprint: Designator=R49 Old Footprint=RES_10K_0603 New Footprint=Res_0603_N
Change Component Footprint: Designator=R50 Old Footprint=RES_10K_0603 New Footprint=Res_0603_N
Change Component Footprint: Designator=R59 Old Footprint=RES_10K_0603 New Footprint=Res_0603_N
Change Component Footprint: Designator=R60 Old Footprint=RES_10K_0603 New Footprint=Res_0603_N
Change Component Footprint: Designator=R61 Old Footprint=RES_10K_0603 New Footprint=Res_0603_N
Change Component Footprint: Designator=R64 Old Footprint=RES_10K_0603 New Footprint=Res_0603_N
Change Component Footprint: Designator=R66 Old Footprint=RES_10K_0603 New Footprint=Res_0603_N
Change Physical Footprint: Designator=C1 Old Footprint=CAP_470pF_0603 New Footprint=CAP_470pF_0603
Change Physical Footprint: Designator=C2 Old Footprint=CAP_470pF_0603 New Footprint=CAP_470pF_0603
Change Physical Footprint: Designator=C3 Old Footprint=CAP_470pF_0603 New Footprint=CAP_470pF_0603
Change Physical Footprint: Designator=C4 Old Footprint=CAP_470pF_0603 New Footprint=CAP_470pF_0603
Change Physical Footprint: Designator=C5 Old Footprint=CAP_0.1uF_0603 New Footprint=CAP_0.1uF_0603
Change Physical Footprint: Designator=C6 Old Footprint=CAP_0.1uF_0603 New Footprint=CAP_0.1uF_0603
Change Physical Footprint: Designator=C7 Old Footprint=CAP_0.1uF_0603 New Footprint=CAP_0.1uF_0603
Change Physical Footprint: Designator=C8 Old Footprint=CAP_0.1uF_0603 New Footprint=CAP_0.1uF_0603
Change Physical Footprint: Designator=C9 Old Footprint=CAP_10uF_0603 New Footprint=CAP_10uF_0603
Change Physical Footprint: Designator=C10 Old Footprint=CAP_0.1uF_0603 New Footprint=CAP_0.1uF_0603
Change Physical Footprint: Designator=C11 Old Footprint=CAP_1nF_0603 New Footprint=CAP_1nF_0603
Change Physical Footprint: Designator=C12 Old Footprint=CAP_10uF_0603 New Footprint=CAP_10uF_0603
Change Physical Footprint: Designator=C13 Old Footprint=CAP_1UF_0603 New Footprint=CAP_1UF_0603
Change Physical Footprint: Designator=C14 Old Footprint=CAP_1UF_0603 New Footprint=CAP_1UF_0603
Change Physical Footprint: Designator=C15 Old Footprint=CAP_10uF_0603 New Footprint=CAP_10uF_0603
Change Physical Footprint: Designator=C16 Old Footprint=CAP-1206 New Footprint=CAP-1206
Change Physical Footprint: Designator=C17 Old Footprint=CAP-1206 New Footprint=CAP-1206
Change Physical Footprint: Designator=C18 Old Footprint=CAP_0.1uF_0603 New Footprint=CAP_0.1uF_0603
Change Physical Footprint: Designator=C19 Old Footprint=CAP ALUM 330UF 20% 50V SMD New Footprint=CAP ALUM 330UF 20% 50V SMD
Change Physical Footprint: Designator=C20 Old Footprint=CAP_1UF_0603 New Footprint=CAP_1UF_0603
Change Physical Footprint: Designator=C21 Old Footprint=CAP_10uF_0603 New Footprint=CAP_10uF_0603
Change Physical Footprint: Designator=C22 Old Footprint=CAP ALUM 330UF 20% 50V SMD New Footprint=CAP ALUM 330UF 20% 50V SMD
Change Physical Footprint: Designator=C23 Old Footprint=CAP_0.1uF_0603 New Footprint=CAP_0.1uF_0603
Change Physical Footprint: Designator=C24 Old Footprint=CAP_1UF_0603 New Footprint=CAP_1UF_0603
Change Physical Footprint: Designator=C25 Old Footprint=CAP_10uF_0603 New Footprint=CAP_10uF_0603
Change Physical Footprint: Designator=C26 Old Footprint=CAP_0.1uF_0603 New Footprint=CAP_0.1uF_0603
Change Physical Footprint: Designator=C27 Old Footprint=CAP_1UF_0603 New Footprint=CAP_1UF_0603
Change Physical Footprint: Designator=C28 Old Footprint=CAP-0603 New Footprint=CAP-0603
Change Physical Footprint: Designator=C29 Old Footprint=CAP_1UF_0603 New Footprint=CAP_1UF_0603
Change Physical Footprint: Designator=C30 Old Footprint=CAP_1UF_0603 New Footprint=CAP_1UF_0603
Change Physical Footprint: Designator=C31 Old Footprint=CAP_1UF_0603 New Footprint=CAP_1UF_0603
Change Physical Footprint: Designator=C32 Old Footprint=KEMT-A-3216-18-2_M New Footprint=KEMT-A-3216-18-2_M
Change Physical Footprint: Designator=C33 Old Footprint=KEMT-A-3216-18-2_M New Footprint=KEMT-A-3216-18-2_M
Change Physical Footprint: Designator=C34 Old Footprint=CAP_0.1uF_0603 New Footprint=CAP_0.1uF_0603
Change Physical Footprint: Designator=C35 Old Footprint=CAP_10uF_0603 New Footprint=CAP_10uF_0603
Change Physical Footprint: Designator=C36 Old Footprint=CAP_0.01UF_0603 New Footprint=CAP_0.01UF_0603
Change Physical Footprint: Designator=C37 Old Footprint=CAP_0.01UF_0603 New Footprint=CAP_0.01UF_0603
Change Physical Footprint: Designator=C38 Old Footprint=CAP_10uF_0603 New Footprint=CAP_10uF_0603
Change Physical Footprint: Designator=C39 Old Footprint=CAP_10uF_0603 New Footprint=CAP_10uF_0603
Change Physical Footprint: Designator=C40 Old Footprint=CAP_0.1uF_0603 New Footprint=CAP_0.1uF_0603
Change Physical Footprint: Designator=C41 Old Footprint=CAP_22pF_0603 New Footprint=CAP_22pF_0603
Change Physical Footprint: Designator=C42 Old Footprint=CAP_22pF_0603 New Footprint=CAP_22pF_0603
Change Physical Footprint: Designator=C43 Old Footprint=CAP_0.1uF_0603 New Footprint=CAP_0.1uF_0603
Change Physical Footprint: Designator=C44 Old Footprint=CAP_0.1uF_0603 New Footprint=CAP_0.1uF_0603
Change Physical Footprint: Designator=C45 Old Footprint=CAP_0.1uF_0603 New Footprint=CAP_0.1uF_0603
Change Physical Footprint: Designator=C46 Old Footprint=CAP_0.1uF_0603 New Footprint=CAP_0.1uF_0603
Change Physical Footprint: Designator=C47 Old Footprint=CAP_0.1uF_0603 New Footprint=CAP_0.1uF_0603
Change Physical Footprint: Designator=C48 Old Footprint=CAP_15pF_0603 New Footprint=CAP_15pF_0603
Change Physical Footprint: Designator=C49 Old Footprint=CAP_15pF_0603 New Footprint=CAP_15pF_0603
Change Physical Footprint: Designator=C50 Old Footprint=CAP_0.1uF_0603 New Footprint=CAP_0.1uF_0603
Change Physical Footprint: Designator=C51 Old Footprint=CAP_10nF_0603 New Footprint=CAP_10nF_0603
Change Physical Footprint: Designator=C52 Old Footprint=CAP_10nF_0603 New Footprint=CAP_10nF_0603
Change Physical Footprint: Designator=C53 Old Footprint=CAP_10uF_0603 New Footprint=CAP_10uF_0603
Change Physical Footprint: Designator=C54 Old Footprint=CAP_10uF_0603 New Footprint=CAP_10uF_0603
Change Physical Footprint: Designator=C55 Old Footprint=CAP_0.1uF_0603 New Footprint=CAP_0.1uF_0603
Change Physical Footprint: Designator=C56 Old Footprint=CAP_0.1uF_0603 New Footprint=CAP_0.1uF_0603
Change Physical Footprint: Designator=C57 Old Footprint=CAP_1UF_0603 New Footprint=CAP_1UF_0603
Change Physical Footprint: Designator=C58 Old Footprint=CAP_1uF_1210 New Footprint=CAP_1uF_1210
Change Physical Footprint: Designator=C59 Old Footprint=CAP_1uF_1210 New Footprint=CAP_1uF_1210
Change Physical Footprint: Designator=C60 Old Footprint=CAP_100pF_0603 New Footprint=CAP_100pF_0603
Change Physical Footprint: Designator=C61 Old Footprint=CAP_3.3nF_0603 New Footprint=CAP_3.3nF_0603
Change Physical Footprint: Designator=C62 Old Footprint=CAP_0.047uF_0603 New Footprint=CAP_0.047uF_0603
Change Physical Footprint: Designator=C63 Old Footprint=CAP_10uF_0603 New Footprint=CAP_10uF_0603
Change Physical Footprint: Designator=C64 Old Footprint=CAP_3.3nF_0603 New Footprint=CAP_3.3nF_0603
Change Physical Footprint: Designator=C65 Old Footprint=CAP_0.47uF_0603 New Footprint=CAP_0.47uF_0603
Change Physical Footprint: Designator=C66 Old Footprint=CAP_0.47uF_0603 New Footprint=CAP_0.47uF_0603
Change Physical Footprint: Designator=C? Old Footprint=CAP_10uF_0603 New Footprint=CAP_10uF_0603
Change Physical Footprint: Designator=D1 Old Footprint=SOT-SC70 New Footprint=SOT-SC70
Change Physical Footprint: Designator=D2 Old Footprint=SOT-SC70 New Footprint=SOT-SC70
Change Physical Footprint: Designator=D3 Old Footprint=SCHOTTKY_20V_3A_SMB New Footprint=SCHOTTKY_20V_3A_SMB
Change Physical Footprint: Designator=D4 Old Footprint=LED_0603_SMD New Footprint=LED_0603_SMD
Change Physical Footprint: Designator=D5 Old Footprint=LED_0603_SMD New Footprint=LED_0603_SMD
Change Physical Footprint: Designator=D6 Old Footprint=LED_0603_SMD New Footprint=LED_0603_SMD
Change Physical Footprint: Designator=DS1 Old Footprint=LCD_SCREEN_16X2 New Footprint=LCD_Screen_16x2
Change Physical Footprint: Designator=F1 Old Footprint=FER_8A_4mOHM_0603 New Footprint=FER_8A_4mOHM_0603
Change Physical Footprint: Designator=F2 Old Footprint=FER_8A_4mOHM_0603 New Footprint=FER_8A_4mOHM_0603
Change Physical Footprint: Designator=F3 Old Footprint=FER_8A_4mOHM_0603 New Footprint=FER_8A_4mOHM_0603
Change Physical Footprint: Designator=FB1 Old Footprint=RES-0805 New Footprint=RES-0805
Change Physical Footprint: Designator=FB2 Old Footprint=RES-0805 New Footprint=RES-0805
Change Physical Footprint: Designator=FB3 Old Footprint=RES-0805 New Footprint=RES-0805
Change Physical Footprint: Designator=FB4 Old Footprint=RES-0805 New Footprint=RES-0805
Change Physical Footprint: Designator=H1 Old Footprint=TAG_CONNECT_TC2030 New Footprint=TAG_CONNECT_TC2030
Change Physical Footprint: Designator=J1 Old Footprint=CONN_DC_JACK_2.1mmID_5.5mmOD_RA_TH New Footprint=CONN_DC_JACK_2.1mmID_5.5mmOD_RA_TH
Change Physical Footprint: Designator=J2 Old Footprint=CONN_JACK_STEREO_3.5MM_SPDT_RA New Footprint=CONN_JACK_STEREO_3.5MM_SPDT_RA
Change Physical Footprint: Designator=J3 Old Footprint=CONN_3.5MM_COMBO New Footprint=CONN_3.5MM_COMBO
Change Physical Footprint: Designator=J4 Old Footprint=CONN_3.5MM_COMBO New Footprint=CONN_3.5MM_COMBO
Change Physical Footprint: Designator=J5 Old Footprint=CONN_JACK_STEREO_3.5MM_SPDT_RA New Footprint=CONN_JACK_STEREO_3.5MM_SPDT_RA
Change Physical Footprint: Designator=J6 Old Footprint=CONN_3.5MM_STEREO_DBL_VERT_TH New Footprint=CONN_3.5MM_STEREO_DBL_VERT_TH
Change Physical Footprint: Designator=J7 Old Footprint=CONN_3.5MM_STEREO_DBL_VERT_TH New Footprint=CONN_3.5MM_STEREO_DBL_VERT_TH
Change Physical Footprint: Designator=J8 Old Footprint=CONN_SD_CARD_SMD New Footprint=CONN_SD_CARD_SMD
Change Physical Footprint: Designator=J9 Old Footprint=687310124422 New Footprint=687310124422
Change Physical Footprint: Designator=J10 Old Footprint=HDRV5W67P0X254_1X5_1270X241X858P New Footprint=HDRV5W67P0X254_1X5_1270X241X858P
Change Physical Footprint: Designator=J11 Old Footprint=CONN_10x_3220-10-0300-00 New Footprint=CONN_10x_3220-10-0300-00
Change Physical Footprint: Designator=J12 Old Footprint=CONN_JACK_STEREO_3.5MM_SPDT_RA New Footprint=CONN_JACK_STEREO_3.5MM_SPDT_RA
Change Physical Footprint: Designator=M1 Old Footprint=LED_DOME_4LED New Footprint=LED_Dome_4LED
Change Physical Footprint: Designator=MK1 Old Footprint=MIC_ELECTRET_CASTLE PAD New Footprint=MIC_ELECTRET_CASTLE PAD
Change Physical Footprint: Designator=P1 Old Footprint=1725672 New Footprint=1725672
Change Physical Footprint: Designator=P2 Old Footprint=1725656 New Footprint=1725656
Change Physical Footprint: Designator=Q1 Old Footprint=MOSFET_P-CH_20V_SOT23 New Footprint=MOSFET_P-CH_20V_SOT23
Change Physical Footprint: Designator=Q2 Old Footprint=onSemi_SOT-23_N New Footprint=onSemi_SOT-23_N
Change Physical Footprint: Designator=Q3 Old Footprint=onSemi_SOT-23_N New Footprint=onSemi_SOT-23_N
Change Physical Footprint: Designator=Q4 Old Footprint=onSemi_SOT-23_N New Footprint=onSemi_SOT-23_N
Change Physical Footprint: Designator=Q5 Old Footprint=onSemi_SOT-23_N New Footprint=onSemi_SOT-23_N
Change Physical Footprint: Designator=R1 Old Footprint=RES_100K_0603 New Footprint=RES_100K_0603
Change Physical Footprint: Designator=R2 Old Footprint=RES_3.6M_0603 New Footprint=RES_3.6M_0603
Change Physical Footprint: Designator=R4 Old Footprint=RES_100K_0603 New Footprint=RES_100K_0603
Change Physical Footprint: Designator=R5 Old Footprint=RES_20K_0603 New Footprint=RES_20K_0603
Change Physical Footprint: Designator=R6 Old Footprint=RES_20K_0603 New Footprint=RES_20K_0603
Change Physical Footprint: Designator=R7 Old Footprint=RES_2K1_0603 New Footprint=RES_2K1_0603
Change Physical Footprint: Designator=R9 Old Footprint=RES_20K_0603 New Footprint=RES_20K_0603
Change Physical Footprint: Designator=R10 Old Footprint=RES_20K_0603 New Footprint=RES_20K_0603
Change Physical Footprint: Designator=R12 Old Footprint=RES_22R_0603 New Footprint=RES_22R_0603
Change Physical Footprint: Designator=R13 Old Footprint=RES_22R_0603 New Footprint=RES_22R_0603
Change Physical Footprint: Designator=R14 Old Footprint=RES_1K_0603 New Footprint=RES_1K_0603
Change Physical Footprint: Designator=R15 Old Footprint=RES_1K_0603 New Footprint=RES_1K_0603
Change Physical Footprint: Designator=R16 Old Footprint=RES_0R_0603 New Footprint=RES_0R_0603
Change Physical Footprint: Designator=R17 Old Footprint=RES_0R_0603 New Footprint=RES_0R_0603
Change Physical Footprint: Designator=R18 Old Footprint=RES_0R_0603 New Footprint=RES_0R_0603
Change Physical Footprint: Designator=R19 Old Footprint=RES_0R_0603 New Footprint=RES_0R_0603
Change Physical Footprint: Designator=R20 Old Footprint=RES_4K7_0603 New Footprint=RES_4K7_0603
Change Physical Footprint: Designator=R21 Old Footprint=RES_4K7_0603 New Footprint=RES_4K7_0603
Change Physical Footprint: Designator=R22 Old Footprint=RES_190R_0603 New Footprint=RES_190R_0603
Change Physical Footprint: Designator=R23 Old Footprint=RES_190R_0603 New Footprint=RES_190R_0603
Change Physical Footprint: Designator=R24 Old Footprint=RES_190R_0603 New Footprint=RES_190R_0603
Change Physical Footprint: Designator=R25 Old Footprint=RES_190R_0603 New Footprint=RES_190R_0603
Change Physical Footprint: Designator=R27 Old Footprint=RES_0R_0603 New Footprint=RES_0R_0603
Change Physical Footprint: Designator=R29 Old Footprint=RES_0R_0603 New Footprint=RES_0R_0603
Change Physical Footprint: Designator=R31 Old Footprint=RES_0R_0603 New Footprint=RES_0R_0603
Change Physical Footprint: Designator=R33 Old Footprint=RES_0R_0603 New Footprint=RES_0R_0603
Change Physical Footprint: Designator=R35 Old Footprint=RES_0R_0603 New Footprint=RES_0R_0603
Change Physical Footprint: Designator=R38 Old Footprint=RES_1M_0603 New Footprint=RES_1M_0603
Change Physical Footprint: Designator=R39 Old Footprint=RES_100K_0603 New Footprint=RES_100K_0603
Change Physical Footprint: Designator=R40 Old Footprint=RES_100K_0603 New Footprint=RES_100K_0603
Change Physical Footprint: Designator=R41 Old Footprint=RES_100K_0603 New Footprint=RES_100K_0603
Change Physical Footprint: Designator=R42 Old Footprint=RES_100K_0603 New Footprint=RES_100K_0603
Change Physical Footprint: Designator=R44 Old Footprint=RES_1K_0603 New Footprint=RES_1K_0603
Change Physical Footprint: Designator=R45 Old Footprint=RES_1K_0603 New Footprint=RES_1K_0603
Change Physical Footprint: Designator=R46 Old Footprint=RES_1K_0603 New Footprint=RES_1K_0603
Change Physical Footprint: Designator=R47 Old Footprint=RES_1K_0603 New Footprint=RES_1K_0603
Change Physical Footprint: Designator=R51 Old Footprint=RES_100R_0603 New Footprint=RES_100R_0603
Change Physical Footprint: Designator=R52 Old Footprint=RES_100K_0603 New Footprint=RES_100K_0603
Change Physical Footprint: Designator=R53 Old Footprint=RES_100K_0603 New Footprint=RES_100K_0603
Change Physical Footprint: Designator=R54 Old Footprint=RES_100K_0603 New Footprint=RES_100K_0603
Change Physical Footprint: Designator=R55 Old Footprint=RES_100K_0603 New Footprint=RES_100K_0603
Change Physical Footprint: Designator=R56 Old Footprint=RES_100R_0603 New Footprint=RES_100R_0603
Change Physical Footprint: Designator=R57 Old Footprint=RES_10R_0603 New Footprint=RES_10R_0603
Change Physical Footprint: Designator=R58 Old Footprint=RES_1K_0603 New Footprint=RES_1K_0603
Change Physical Footprint: Designator=R62 Old Footprint=RES_470R_0603 New Footprint=RES_470R_0603
Change Physical Footprint: Designator=R63 Old Footprint=RES_470R_0603 New Footprint=RES_470R_0603
Change Physical Footprint: Designator=R65 Old Footprint=RES_0R_0603 New Footprint=RES_0R_0603
Change Physical Footprint: Designator=R67 Old Footprint=RES_0R_0603 New Footprint=RES_0R_0603
Change Physical Footprint: Designator=R68 Old Footprint=RES_0R_0603 New Footprint=RES_0R_0603
Change Physical Footprint: Designator=R69 Old Footprint=RES_0R_0603 New Footprint=RES_0R_0603
Change Physical Footprint: Designator=R70 Old Footprint=RES_0R_0603 New Footprint=RES_0R_0603
Change Physical Footprint: Designator=R71 Old Footprint=RES_1K_0603 New Footprint=RES_1K_0603
Change Physical Footprint: Designator=R72 Old Footprint=RES_0R_0603 New Footprint=RES_0R_0603
Change Physical Footprint: Designator=R73 Old Footprint=RES_1K_0603 New Footprint=RES_1K_0603
Change Physical Footprint: Designator=R74 Old Footprint=RES_0R_0603 New Footprint=RES_0R_0603
Change Physical Footprint: Designator=R75 Old Footprint=RES_0R_0603 New Footprint=RES_0R_0603
Change Physical Footprint: Designator=R76 Old Footprint=RES_0R_0603 New Footprint=RES_0R_0603
Change Physical Footprint: Designator=R77 Old Footprint=RES_0R_0603 New Footprint=RES_0R_0603
Change Physical Footprint: Designator=R78 Old Footprint=RES_0R_0603 New Footprint=RES_0R_0603
Change Physical Footprint: Designator=R79 Old Footprint=RES_0R_0603 New Footprint=RES_0R_0603
Change Physical Footprint: Designator=R80 Old Footprint=RES_0R_0603 New Footprint=RES_0R_0603
Change Physical Footprint: Designator=R81 Old Footprint=RES_0R_0603 New Footprint=RES_0R_0603
Change Physical Footprint: Designator=R82 Old Footprint=RES_0R_0603 New Footprint=RES_0R_0603
Change Physical Footprint: Designator=R83 Old Footprint=RES_0R_0603 New Footprint=RES_0R_0603
Change Physical Footprint: Designator=R84 Old Footprint=RES_0R_0603 New Footprint=RES_0R_0603
Change Physical Footprint: Designator=R85 Old Footprint=RES_0R_0603 New Footprint=RES_0R_0603
Change Physical Footprint: Designator=R86 Old Footprint=RES_0R_0603 New Footprint=RES_0R_0603
Change Physical Footprint: Designator=R87 Old Footprint=RES_0R_0603 New Footprint=RES_0R_0603
Change Physical Footprint: Designator=R88 Old Footprint=RES_0R_0603 New Footprint=RES_0R_0603
Change Physical Footprint: Designator=R89 Old Footprint=RES_0R_0603 New Footprint=RES_0R_0603
Change Physical Footprint: Designator=R90 Old Footprint=RES_0R_0603 New Footprint=RES_0R_0603
Change Physical Footprint: Designator=R91 Old Footprint=RES_0R_0603 New Footprint=RES_0R_0603
Change Physical Footprint: Designator=R92 Old Footprint=RES_0R_0603 New Footprint=RES_0R_0603
Change Physical Footprint: Designator=S1 Old Footprint=SW_SLIDE_RA_TH_DPDT New Footprint=SW_SLIDE_RA_TH_DPDT
Change Physical Footprint: Designator=S2 Old Footprint=SW_SLIDE_SPDT_VERT_TH New Footprint=SW_SLIDE_SPDT_VERT_TH
Change Physical Footprint: Designator=S3 Old Footprint=ENC_ROTARY_20PPR_TH New Footprint=ENC_ROTARY_20PPR_TH
Change Physical Footprint: Designator=S4 Old Footprint=ENC_ROTARY_20PPR_TH New Footprint=ENC_ROTARY_20PPR_TH
Change Physical Footprint: Designator=S5 Old Footprint=SW_TACTILE_SPST-NO New Footprint=SW_TACTILE_SPST-NO
Change Physical Footprint: Designator=T4 Old Footprint=CONN_TP_SMD New Footprint=CONN_TP_SMD
Change Physical Footprint: Designator=T7 Old Footprint=CONN_TP_SMD New Footprint=CONN_TP_SMD
Change Physical Footprint: Designator=T8 Old Footprint=CONN_TP_SMD New Footprint=CONN_TP_SMD
Change Physical Footprint: Designator=T10 Old Footprint=CONN_TP_SMD New Footprint=CONN_TP_SMD
Change Physical Footprint: Designator=T11 Old Footprint=CONN_TP_SMD New Footprint=CONN_TP_SMD
Change Physical Footprint: Designator=T12 Old Footprint=CONN_TP_SMD New Footprint=CONN_TP_SMD
Change Physical Footprint: Designator=T13 Old Footprint=CONN_TP_SMD New Footprint=CONN_TP_SMD
Change Physical Footprint: Designator=TP1 Old Footprint=TEST POINT ROUND SMD 0.6mm New Footprint=TEST POINT ROUND SMD 0.6mm
Change Physical Footprint: Designator=TP2 Old Footprint=TEST POINT ROUND SMD 0.6mm New Footprint=TEST POINT ROUND SMD 0.6mm
Change Physical Footprint: Designator=U1 Old Footprint=LIPO-CHARGING_8.4V_10DFN New Footprint=LIPO-CHARGING_8.4V_10DFN
Change Physical Footprint: Designator=U2 Old Footprint=MAX9744_T4477 New Footprint=MAX9744_T4477
Change Physical Footprint: Designator=U3 Old Footprint=IC_DEBOUNCE_8IN8OUT_SMD New Footprint=IC_DEBOUNCE_8IN8OUT_SMD
Change Physical Footprint: Designator=U4 Old Footprint=IC_REG_LINEAR_3V3_1V8_SMD New Footprint=IC_REG_LINEAR_3V3_1V8_SMD
Change Physical Footprint: Designator=U5 Old Footprint=IC_DEBOUNCE_8IN8OUT_SMD New Footprint=IC_DEBOUNCE_8IN8OUT_SMD
Change Physical Footprint: Designator=U6 Old Footprint=IC_SSR_NO_SMD New Footprint=IC_SSR_NO_SMD
Change Physical Footprint: Designator=U7 Old Footprint=IC_SSR_NO_SMD New Footprint=IC_SSR_NO_SMD
Change Physical Footprint: Designator=U8 Old Footprint=IC_SSR_NO_SMD New Footprint=IC_SSR_NO_SMD
Change Physical Footprint: Designator=U9 Old Footprint=IC_SSR_NO_SMD New Footprint=IC_SSR_NO_SMD
Change Physical Footprint: Designator=U10 Old Footprint=IC_MDBT50Q-1M_SMD New Footprint=IC_MDBT50Q-1M_SMD
Change Physical Footprint: Designator=U11 Old Footprint=IC_VS1053B_LQFP48 New Footprint=IC_VS1053B_LQFP48
Change Physical Footprint: Designator=U12 Old Footprint=IC_BUF_ESD_CD74HC4050MT New Footprint=IC_BUF_ESD_CD74HC4050MT
Change Physical Footprint: Designator=VR1 Old Footprint=POT_1K_LOG_TH_RA New Footprint=POT_1K_LOG_TH_RA
Change Physical Footprint: Designator=VR2 Old Footprint=REG_3.3V_D2PAK New Footprint=REG_3.3V_D2PAK
Change Physical Footprint: Designator=XTAL1 Old Footprint=XTAL-32.768kHz New Footprint=XTAL-32.768kHz
Change Physical Footprint: Designator=XTAL2 Old Footprint=XTAL_12.288MHZ_SMD New Footprint=XTAL_12.288MHz_SMD
