Replace Part C1 CAP_470pF_0603 in E:\Documents\CanAssist\Altium\TSI_SAMP_SAMI\TSI_SAMP_SAMI_V3.4.SchDoc with CAP_470pF_0603 from CAP_470pF_0603.SchLib
Replace Part C2 CAP_470pF_0603 in E:\Documents\CanAssist\Altium\TSI_SAMP_SAMI\TSI_SAMP_SAMI_V3.4.SchDoc with CAP_470pF_0603 from CAP_470pF_0603.SchLib
Replace Part C3 CAP_470pF_0603 in E:\Documents\CanAssist\Altium\TSI_SAMP_SAMI\TSI_SAMP_SAMI_V3.4.SchDoc with CAP_470pF_0603 from CAP_470pF_0603.SchLib
Replace Part C4 CAP_470pF_0603 in E:\Documents\CanAssist\Altium\TSI_SAMP_SAMI\TSI_SAMP_SAMI_V3.4.SchDoc with CAP_470pF_0603 from CAP_470pF_0603.SchLib
Replace Part C5 CAP_0.1uF_0603 in E:\Documents\CanAssist\Altium\TSI_SAMP_SAMI\TSI_SAMP_SAMI_V3.4.SchDoc with CAP_0.1uF_0603 from CAP_0.1uF_0603.SchLib
Replace Part C6 CAP_0.1uF_0603 in E:\Documents\CanAssist\Altium\TSI_SAMP_SAMI\TSI_SAMP_SAMI_V3.4.SchDoc with CAP_0.1uF_0603 from CAP_0.1uF_0603.SchLib
Replace Part C7 CAP_0.1uF_0603 in E:\Documents\CanAssist\Altium\TSI_SAMP_SAMI\TSI_SAMP_SAMI_V3.4.SchDoc with CAP_0.1uF_0603 from CAP_0.1uF_0603.SchLib
Replace Part C8 CAP_0.1uF_0603 in E:\Documents\CanAssist\Altium\TSI_SAMP_SAMI\TSI_SAMP_SAMI_V3.4.SchDoc with CAP_0.1uF_0603 from CAP_0.1uF_0603.SchLib
Replace Part C9 CAP_10uF_0603 in E:\Documents\CanAssist\Altium\TSI_SAMP_SAMI\TSI_SAMP_SAMI_V3.4.SchDoc with CAP_10uF_0603 from CAP_10uF_0603.SchLib
Replace Part C10 CAP_0.1uF_0603 in E:\Documents\CanAssist\Altium\TSI_SAMP_SAMI\TSI_SAMP_SAMI_V3.4.SchDoc with CAP_0.1uF_0603 from CAP_0.1uF_0603.SchLib
Replace Part C11 CAP_1nF_0603 in E:\Documents\CanAssist\Altium\TSI_SAMP_SAMI\TSI_SAMP_SAMI_V3.4.SchDoc with CAP_1nF_0603 from CAP_1nF_0603.SchLib
Replace Part C12 CAP_10uF_0603 in E:\Documents\CanAssist\Altium\TSI_SAMP_SAMI\TSI_SAMP_SAMI_V3.4.SchDoc with CAP_10uF_0603 from CAP_10uF_0603.SchLib
Replace Part C13 CAP_1uF_0603 in E:\Documents\CanAssist\Altium\TSI_SAMP_SAMI\TSI_SAMP_SAMI_V3.4.SchDoc with CAP_1uF_0603 from CAP_1uF_0603.SchLib
Replace Part C14 CAP_1uF_0603 in E:\Documents\CanAssist\Altium\TSI_SAMP_SAMI\TSI_SAMP_SAMI_V3.4.SchDoc with CAP_1uF_0603 from CAP_1uF_0603.SchLib
Replace Part C15 CAP_10uF_0603 in E:\Documents\CanAssist\Altium\TSI_SAMP_SAMI\TSI_SAMP_SAMI_V3.4.SchDoc with CAP_10uF_0603 from CAP_10uF_0603.SchLib
Replace Part C16 CAP CER 10UF 16V X7R 1206 in E:\Documents\CanAssist\Altium\TSI_SAMP_SAMI\TSI_SAMP_SAMI_V3.4.SchDoc with CAP CER 10UF 16V X7R 1206 from Intercom Gen2 Main PCB.SCHLIB
Replace Part C17 CAP CER 10UF 16V X7R 1206 in E:\Documents\CanAssist\Altium\TSI_SAMP_SAMI\TSI_SAMP_SAMI_V3.4.SchDoc with CAP CER 10UF 16V X7R 1206 from Intercom Gen2 Main PCB.SCHLIB
Replace Part C18 CAP_0.1uF_0603 in E:\Documents\CanAssist\Altium\TSI_SAMP_SAMI\TSI_SAMP_SAMI_V3.4.SchDoc with CAP_0.1uF_0603 from CAP_0.1uF_0603.SchLib
Replace Part C19 CAP ALUM 330UF 20% 50V SMD in E:\Documents\CanAssist\Altium\TSI_SAMP_SAMI\TSI_SAMP_SAMI_V3.4.SchDoc with CAP ALUM 330UF 20% 50V SMD from Intercom Gen2 Main PCB.SCHLIB
Replace Part C20 CAP_1uF_0603 in E:\Documents\CanAssist\Altium\TSI_SAMP_SAMI\TSI_SAMP_SAMI_V3.4.SchDoc with CAP_1uF_0603 from CAP_1uF_0603.SchLib
Replace Part C21 CAP_10uF_0603 in E:\Documents\CanAssist\Altium\TSI_SAMP_SAMI\TSI_SAMP_SAMI_V3.4.SchDoc with CAP_10uF_0603 from CAP_10uF_0603.SchLib
Replace Part C22 CAP ALUM 330UF 20% 50V SMD in E:\Documents\CanAssist\Altium\TSI_SAMP_SAMI\TSI_SAMP_SAMI_V3.4.SchDoc with CAP ALUM 330UF 20% 50V SMD from Intercom Gen2 Main PCB.SCHLIB
Replace Part C23 CAP_0.1uF_0603 in E:\Documents\CanAssist\Altium\TSI_SAMP_SAMI\TSI_SAMP_SAMI_V3.4.SchDoc with CAP_0.1uF_0603 from CAP_0.1uF_0603.SchLib
Replace Part C24 CAP_1uF_0603 in E:\Documents\CanAssist\Altium\TSI_SAMP_SAMI\TSI_SAMP_SAMI_V3.4.SchDoc with CAP_1uF_0603 from CAP_1uF_0603.SchLib
Replace Part C25 CAP_10uF_0603 in E:\Documents\CanAssist\Altium\TSI_SAMP_SAMI\TSI_SAMP_SAMI_V3.4.SchDoc with CAP_10uF_0603 from CAP_10uF_0603.SchLib
Replace Part C26 CAP_0.1uF_0603 in E:\Documents\CanAssist\Altium\TSI_SAMP_SAMI\TSI_SAMP_SAMI_V3.4.SchDoc with CAP_0.1uF_0603 from CAP_0.1uF_0603.SchLib
Replace Part C27 CAP_1uF_0603 in E:\Documents\CanAssist\Altium\TSI_SAMP_SAMI\TSI_SAMP_SAMI_V3.4.SchDoc with CAP_1uF_0603 from CAP_1uF_0603.SchLib
Replace Part C28 CAP 2.2uF 0603 16V X7R 10% in E:\Documents\CanAssist\Altium\TSI_SAMP_SAMI\TSI_SAMP_SAMI_V3.4.SchDoc with CAP 2.2uF 0603 16V X7R 10% from Intercom Gen2 Main PCB.SCHLIB
Replace Part C29 CAP_1uF_0603 in E:\Documents\CanAssist\Altium\TSI_SAMP_SAMI\TSI_SAMP_SAMI_V3.4.SchDoc with CAP_1uF_0603 from CAP_1uF_0603.SchLib
Replace Part C30 CAP_1uF_0603 in E:\Documents\CanAssist\Altium\TSI_SAMP_SAMI\TSI_SAMP_SAMI_V3.4.SchDoc with CAP_1uF_0603 from CAP_1uF_0603.SchLib
Replace Part C31 CAP_1uF_0603 in E:\Documents\CanAssist\Altium\TSI_SAMP_SAMI\TSI_SAMP_SAMI_V3.4.SchDoc with CAP_1uF_0603 from CAP_1uF_0603.SchLib
Update Managed Component C32 From CMP-2000-05172-1[10u] To CMP-2000-05172-1[T491A106K010AT] in TSI_SAMP_SAMI_V3.4.SchDoc
Update Managed Component C33 From CMP-2000-05172-1[10u] To CMP-2000-05172-1[T491A106K010AT] in TSI_SAMP_SAMI_V3.4.SchDoc
Replace Part C34 CAP_0.1uF_0603 in E:\Documents\CanAssist\Altium\TSI_SAMP_SAMI\TSI_SAMP_SAMI_V3.4.SchDoc with CAP_0.1uF_0603 from CAP_0.1uF_0603.SchLib
Replace Part C35 CAP_10uF_0603 in E:\Documents\CanAssist\Altium\TSI_SAMP_SAMI\TSI_SAMP_SAMI_V3.4.SchDoc with CAP_10uF_0603 from CAP_10uF_0603.SchLib
Replace Part C36 CAP_0.01uF_0603 in E:\Documents\CanAssist\Altium\TSI_SAMP_SAMI\TSI_SAMP_SAMI_V3.4.SchDoc with CAP_0.01uF_0603 from CAP_0.01uF_0603.SchLib
Replace Part C37 CAP_0.01uF_0603 in E:\Documents\CanAssist\Altium\TSI_SAMP_SAMI\TSI_SAMP_SAMI_V3.4.SchDoc with CAP_0.01uF_0603 from CAP_0.01uF_0603.SchLib
Replace Part C38 CAP_10uF_0603 in E:\Documents\CanAssist\Altium\TSI_SAMP_SAMI\TSI_SAMP_SAMI_V3.4.SchDoc with CAP_10uF_0603 from CAP_10uF_0603.SchLib
Replace Part C39 CAP_10uF_0603 in E:\Documents\CanAssist\Altium\TSI_SAMP_SAMI\TSI_SAMP_SAMI_V3.4.SchDoc with CAP_10uF_0603 from CAP_10uF_0603.SchLib
Replace Part C40 CAP_0.1uF_0603 in E:\Documents\CanAssist\Altium\TSI_SAMP_SAMI\TSI_SAMP_SAMI_V3.4.SchDoc with CAP_0.1uF_0603 from CAP_0.1uF_0603.SchLib
Replace Part C41 CAP_22pF_0603 in E:\Documents\CanAssist\Altium\TSI_SAMP_SAMI\TSI_SAMP_SAMI_V3.4.SchDoc with CAP_22pF_0603 from CAP_22pF_0603.SchLib
Replace Part C42 CAP_22pF_0603 in E:\Documents\CanAssist\Altium\TSI_SAMP_SAMI\TSI_SAMP_SAMI_V3.4.SchDoc with CAP_22pF_0603 from CAP_22pF_0603.SchLib
Replace Part C43 CAP_0.1uF_0603 in E:\Documents\CanAssist\Altium\TSI_SAMP_SAMI\TSI_SAMP_SAMI_V3.4.SchDoc with CAP_0.1uF_0603 from CAP_0.1uF_0603.SchLib
Replace Part C44 CAP_0.1uF_0603 in E:\Documents\CanAssist\Altium\TSI_SAMP_SAMI\TSI_SAMP_SAMI_V3.4.SchDoc with CAP_0.1uF_0603 from CAP_0.1uF_0603.SchLib
Replace Part C45 CAP_0.1uF_0603 in E:\Documents\CanAssist\Altium\TSI_SAMP_SAMI\TSI_SAMP_SAMI_V3.4.SchDoc with CAP_0.1uF_0603 from CAP_0.1uF_0603.SchLib
Replace Part C46 CAP_0.1uF_0603 in E:\Documents\CanAssist\Altium\TSI_SAMP_SAMI\TSI_SAMP_SAMI_V3.4.SchDoc with CAP_0.1uF_0603 from CAP_0.1uF_0603.SchLib
Replace Part C47 CAP_0.1uF_0603 in E:\Documents\CanAssist\Altium\TSI_SAMP_SAMI\TSI_SAMP_SAMI_V3.4.SchDoc with CAP_0.1uF_0603 from CAP_0.1uF_0603.SchLib
Replace Part C48 CAP_15pF_0603 in E:\Documents\CanAssist\Altium\TSI_SAMP_SAMI\TSI_SAMP_SAMI_V3.4.SchDoc with CAP_15pF_0603 from CAP_15pF_0603.SchLib
Replace Part C49 CAP_15pF_0603 in E:\Documents\CanAssist\Altium\TSI_SAMP_SAMI\TSI_SAMP_SAMI_V3.4.SchDoc with CAP_15pF_0603 from CAP_15pF_0603.SchLib
Replace Part C50 CAP_0.1uF_0603 in E:\Documents\CanAssist\Altium\TSI_SAMP_SAMI\TSI_SAMP_SAMI_V3.4.SchDoc with CAP_0.1uF_0603 from CAP_0.1uF_0603.SchLib
Replace Part C51 CAP_10nF_0603 in E:\Documents\CanAssist\Altium\TSI_SAMP_SAMI\TSI_SAMP_SAMI_V3.4.SchDoc with CAP_10nF_0603 from CAP_10nF_0603.SchLib
Replace Part C52 CAP_10nF_0603 in E:\Documents\CanAssist\Altium\TSI_SAMP_SAMI\TSI_SAMP_SAMI_V3.4.SchDoc with CAP_10nF_0603 from CAP_10nF_0603.SchLib
Replace Part C53 CAP_10uF_0603 in E:\Documents\CanAssist\Altium\TSI_SAMP_SAMI\TSI_SAMP_SAMI_V3.4.SchDoc with CAP_10uF_0603 from CAP_10uF_0603.SchLib
Replace Part C54 CAP_10uF_0603 in E:\Documents\CanAssist\Altium\TSI_SAMP_SAMI\TSI_SAMP_SAMI_V3.4.SchDoc with CAP_10uF_0603 from CAP_10uF_0603.SchLib
Replace Part C55 CAP_0.1uF_0603 in E:\Documents\CanAssist\Altium\TSI_SAMP_SAMI\TSI_SAMP_SAMI_V3.4.SchDoc with CAP_0.1uF_0603 from CAP_0.1uF_0603.SchLib
Replace Part C56 CAP_0.1uF_0603 in E:\Documents\CanAssist\Altium\TSI_SAMP_SAMI\TSI_SAMP_SAMI_V3.4.SchDoc with CAP_0.1uF_0603 from CAP_0.1uF_0603.SchLib
Replace Part C57 CAP_1uF_0603 in E:\Documents\CanAssist\Altium\TSI_SAMP_SAMI\TSI_SAMP_SAMI_V3.4.SchDoc with CAP_1uF_0603 from CAP_1uF_0603.SchLib
Replace Part C58 CAP_1uF_1210 in E:\Documents\CanAssist\Altium\TSI_SAMP_SAMI\TSI_SAMP_SAMI_V3.4.SchDoc with CAP_1uF_1210 from CAP_1uF_1210.SchLib
Replace Part C59 CAP_1uF_1210 in E:\Documents\CanAssist\Altium\TSI_SAMP_SAMI\TSI_SAMP_SAMI_V3.4.SchDoc with CAP_1uF_1210 from CAP_1uF_1210.SchLib
Replace Part C60 CAP_100pF_0603 in E:\Documents\CanAssist\Altium\TSI_SAMP_SAMI\TSI_SAMP_SAMI_V3.4.SchDoc with CAP_100pF_0603 from CAP_100pF_0603.SchLib
Replace Part C61 CAP_3.3nF_0603 in E:\Documents\CanAssist\Altium\TSI_SAMP_SAMI\TSI_SAMP_SAMI_V3.4.SchDoc with CAP_3.3nF_0603 from CAP_3.3nF_0603.SchLib
Replace Part C62 CAP_0.047uF_0603 in E:\Documents\CanAssist\Altium\TSI_SAMP_SAMI\TSI_SAMP_SAMI_V3.4.SchDoc with CAP_0.047uF_0603 from CAP_0.047uF_0603.SchLib
Replace Part C63 CAP_10uF_0603 in E:\Documents\CanAssist\Altium\TSI_SAMP_SAMI\TSI_SAMP_SAMI_V3.4.SchDoc with CAP_10uF_0603 from CAP_10uF_0603.SchLib
Replace Part C64 CAP_3.3nF_0603 in E:\Documents\CanAssist\Altium\TSI_SAMP_SAMI\TSI_SAMP_SAMI_V3.4.SchDoc with CAP_3.3nF_0603 from CAP_3.3nF_0603.SchLib
Replace Part C65 CAP_0.47uF_0603 in E:\Documents\CanAssist\Altium\TSI_SAMP_SAMI\TSI_SAMP_SAMI_V3.4.SchDoc with CAP_0.47uF_0603 from CAP_0.47uF_0603.SchLib
Replace Part C66 CAP_0.47uF_0603 in E:\Documents\CanAssist\Altium\TSI_SAMP_SAMI\TSI_SAMP_SAMI_V3.4.SchDoc with CAP_0.47uF_0603 from CAP_0.47uF_0603.SchLib
Replace Part C67 CAP_10uF_0603 in E:\Documents\CanAssist\Altium\TSI_SAMP_SAMI\TSI_SAMP_SAMI_V3.4.SchDoc with CAP_10uF_0603 from CAP_10uF_0603.SchLib
Replace Part C68 CAP_10uF_0603 in E:\Documents\CanAssist\Altium\TSI_SAMP_SAMI\TSI_SAMP_SAMI_V3.4.SchDoc with CAP_10uF_0603 from CAP_10uF_0603.SchLib
Replace Part D1 TPD2E007DCKR in E:\Documents\CanAssist\Altium\TSI_SAMP_SAMI\TSI_SAMP_SAMI_V3.4.SchDoc with TPD2E007DCKR from Intercom Gen2 Main PCB.SCHLIB
Replace Part D2 TPD2E007DCKR in E:\Documents\CanAssist\Altium\TSI_SAMP_SAMI\TSI_SAMP_SAMI_V3.4.SchDoc with TPD2E007DCKR from Intercom Gen2 Main PCB.SCHLIB
Replace Part D3 SCHOTTKY_20V_3A_SMB in E:\Documents\CanAssist\Altium\TSI_SAMP_SAMI\TSI_SAMP_SAMI_V3.4.SchDoc with SCHOTTKY_20V_3A_SMB from SCHOTTKY_20V_3A_SMB.SchLib
Replace Part D4 LED_GREEN_0603 in E:\Documents\CanAssist\Altium\TSI_SAMP_SAMI\TSI_SAMP_SAMI_V3.4.SchDoc with LED_GREEN_0603 from LED_0603_SMD.SchLib
Replace Part D5 LED_RED_0603 in E:\Documents\CanAssist\Altium\TSI_SAMP_SAMI\TSI_SAMP_SAMI_V3.4.SchDoc with LED_RED_0603 from LED_0603_SMD.SchLib
Replace Part D6 LED_RED_0603 in E:\Documents\CanAssist\Altium\TSI_SAMP_SAMI\TSI_SAMP_SAMI_V3.4.SchDoc with LED_RED_0603 from LED_0603_SMD.SchLib
Replace Part DS1 LCD_Screen_16x2 in E:\Documents\CanAssist\Altium\TSI_SAMP_SAMI\TSI_SAMP_SAMI_V3.4.SchDoc with LCD_Screen_16x2 from LCD_Screen_16x2.SchLib
Replace Part F1 FER_8A_4mOHM_0603 in E:\Documents\CanAssist\Altium\TSI_SAMP_SAMI\TSI_SAMP_SAMI_V3.4.SchDoc with FER_8A_4mOHM_0603 from FER_8A_4mOHM_0603.SchLib
Replace Part F2 FER_8A_4mOHM_0603 in E:\Documents\CanAssist\Altium\TSI_SAMP_SAMI\TSI_SAMP_SAMI_V3.4.SchDoc with FER_8A_4mOHM_0603 from FER_8A_4mOHM_0603.SchLib
Replace Part F3 FER_8A_4mOHM_0603 in E:\Documents\CanAssist\Altium\TSI_SAMP_SAMI\TSI_SAMP_SAMI_V3.4.SchDoc with FER_8A_4mOHM_0603 from FER_8A_4mOHM_0603.SchLib
Replace Part FB1 FERRITE BEAD 220 OHM 0805 1LN in E:\Documents\CanAssist\Altium\TSI_SAMP_SAMI\TSI_SAMP_SAMI_V3.4.SchDoc with FERRITE BEAD 220 OHM 0805 1LN from Intercom Gen2 Main PCB.SCHLIB
Replace Part FB2 FERRITE BEAD 220 OHM 0805 1LN in E:\Documents\CanAssist\Altium\TSI_SAMP_SAMI\TSI_SAMP_SAMI_V3.4.SchDoc with FERRITE BEAD 220 OHM 0805 1LN from Intercom Gen2 Main PCB.SCHLIB
Replace Part FB3 FERRITE BEAD 220 OHM 0805 1LN in E:\Documents\CanAssist\Altium\TSI_SAMP_SAMI\TSI_SAMP_SAMI_V3.4.SchDoc with FERRITE BEAD 220 OHM 0805 1LN from Intercom Gen2 Main PCB.SCHLIB
Replace Part FB4 FERRITE BEAD 220 OHM 0805 1LN in E:\Documents\CanAssist\Altium\TSI_SAMP_SAMI\TSI_SAMP_SAMI_V3.4.SchDoc with FERRITE BEAD 220 OHM 0805 1LN from Intercom Gen2 Main PCB.SCHLIB
Replace Part H1 TAG_CONNECT_TC2030 in E:\Documents\CanAssist\Altium\TSI_SAMP_SAMI\TSI_SAMP_SAMI_V3.4.SchDoc with TAG_CONNECT_TC2030 from TAG_CONNECT_TC2030.SchLib
Replace Part J1 CONN_DC_JACK_2.1mmID_5.5mmOD_RA_TH in E:\Documents\CanAssist\Altium\TSI_SAMP_SAMI\TSI_SAMP_SAMI_V3.4.SchDoc with CONN_DC_JACK_2.1mmID_5.5mmOD_RA_TH from CONN_DC_JACK_2.1mmID_5.5mmOD_RA_TH.SchLib
Replace Part J2 CONN_JACK_STEREO_3.5MM_SPDT_RA in E:\Documents\CanAssist\Altium\TSI_SAMP_SAMI\TSI_SAMP_SAMI_V3.4.SchDoc with CONN_JACK_STEREO_3.5MM_SPDT_RA from CONN_JACK_STEREO_3.5MM_SPDT_RA.SchLib
Replace Part J3 CONN_3.5MM_COMBO in E:\Documents\CanAssist\Altium\TSI_SAMP_SAMI\TSI_SAMP_SAMI_V3.4.SchDoc with CONN_3.5MM_COMBO from CONN_3.5MM_COMBO.SchLib
Replace Part J4 CONN_3.5MM_COMBO in E:\Documents\CanAssist\Altium\TSI_SAMP_SAMI\TSI_SAMP_SAMI_V3.4.SchDoc with CONN_3.5MM_COMBO from CONN_3.5MM_COMBO.SchLib
Replace Part J5 CONN_JACK_STEREO_3.5MM_SPDT_RA in E:\Documents\CanAssist\Altium\TSI_SAMP_SAMI\TSI_SAMP_SAMI_V3.4.SchDoc with CONN_JACK_STEREO_3.5MM_SPDT_RA from CONN_JACK_STEREO_3.5MM_SPDT_RA.SchLib
Replace Part J6 CONN_3.5MM_STEREO_DBL_VERT_TH in E:\Documents\CanAssist\Altium\TSI_SAMP_SAMI\TSI_SAMP_SAMI_V3.4.SchDoc with CONN_3.5MM_STEREO_DBL_VERT_TH from CONN_3.5MM_STEREO_DBL_VERT_TH.SchLib
Replace Part J7 CONN_3.5MM_STEREO_DBL_VERT_TH in E:\Documents\CanAssist\Altium\TSI_SAMP_SAMI\TSI_SAMP_SAMI_V3.4.SchDoc with CONN_3.5MM_STEREO_DBL_VERT_TH from CONN_3.5MM_STEREO_DBL_VERT_TH.SchLib
Replace Part J8 CONN_SD_CARD_SMD in E:\Documents\CanAssist\Altium\TSI_SAMP_SAMI\TSI_SAMP_SAMI_V3.4.SchDoc with CONN_SD_CARD_SMD from CONN_SD_CARD_SMD.SchLib
Replace Part J9 687310124422 in E:\Documents\CanAssist\Altium\TSI_SAMP_SAMI\TSI_SAMP_SAMI_V3.4.SchDoc with 687310124422 from CONN_5x2_687310124422.SchLib
Replace Part J10 68000-105HTLF in E:\Documents\CanAssist\Altium\TSI_SAMP_SAMI\TSI_SAMP_SAMI_V3.4.SchDoc with 68000-105HTLF from CONN_5X_68000-105HTLF.SchLib
Replace Part J11 3220-10-0300-00 in E:\Documents\CanAssist\Altium\TSI_SAMP_SAMI\TSI_SAMP_SAMI_V3.4.SchDoc with 3220-10-0300-00 from CONN_10X_3220-10-0300-00.SchLib
Replace Part J12 CONN_JACK_STEREO_3.5MM_SPDT_RA in E:\Documents\CanAssist\Altium\TSI_SAMP_SAMI\TSI_SAMP_SAMI_V3.4.SchDoc with CONN_JACK_STEREO_3.5MM_SPDT_RA from CONN_JACK_STEREO_3.5MM_SPDT_RA.SchLib
Replace Part M1 LED Dome_4LED in E:\Documents\CanAssist\Altium\TSI_SAMP_SAMI\TSI_SAMP_SAMI_V3.4.SchDoc with LED Dome_4LED from LED_DOME_4LED.SchLib
Replace Part MK1 MIC_ELECTRET_CASTLE_PAD in E:\Documents\CanAssist\Altium\TSI_SAMP_SAMI\TSI_SAMP_SAMI_V3.4.SchDoc with MIC_ELECTRET_CASTLE_PAD from MIC_ELECTRET_CASTLE_PAD.SchLib
Replace Part P1 TERM BLK 4P SIDE ENT 2.54MM PCB in E:\Documents\CanAssist\Altium\TSI_SAMP_SAMI\TSI_SAMP_SAMI_V3.4.SchDoc with TERM BLK 4P SIDE ENT 2.54MM PCB from Intercom Gen2 Main PCB.SCHLIB
Replace Part P2 TERM BLK 2P SIDE ENT 2.54MM PCB in E:\Documents\CanAssist\Altium\TSI_SAMP_SAMI\TSI_SAMP_SAMI_V3.4.SchDoc with TERM BLK 2P SIDE ENT 2.54MM PCB from Intercom Gen2 Main PCB.SCHLIB
Replace Part Q1 MOSFET_P-CH_20V_3.6A_SOT23 in E:\Documents\CanAssist\Altium\TSI_SAMP_SAMI\TSI_SAMP_SAMI_V3.4.SchDoc with MOSFET_P-CH_20V_3.6A_SOT23 from MOSFET_P-CH_20V_SOT23.SchLib
Replace Part Q2 BC848CLT1G in E:\Documents\CanAssist\Altium\TSI_SAMP_SAMI\TSI_SAMP_SAMI_V3.4.SchDoc with BC848CLT1G from Intercom Gen2 Main PCB.SCHLIB
Replace Part Q3 BC848CLT1G in E:\Documents\CanAssist\Altium\TSI_SAMP_SAMI\TSI_SAMP_SAMI_V3.4.SchDoc with BC848CLT1G from Intercom Gen2 Main PCB.SCHLIB
Replace Part Q4 BC848CLT1G in E:\Documents\CanAssist\Altium\TSI_SAMP_SAMI\TSI_SAMP_SAMI_V3.4.SchDoc with BC848CLT1G from Intercom Gen2 Main PCB.SCHLIB
Replace Part Q5 BC848CLT1G in E:\Documents\CanAssist\Altium\TSI_SAMP_SAMI\TSI_SAMP_SAMI_V3.4.SchDoc with BC848CLT1G from Intercom Gen2 Main PCB.SCHLIB
Replace Part R1 RES_100K_0603 in E:\Documents\CanAssist\Altium\TSI_SAMP_SAMI\TSI_SAMP_SAMI_V3.4.SchDoc with RES_100K_0603 from RES_100K_0603.SchLib
Replace Part R2 RES_3.6M_0603 in E:\Documents\CanAssist\Altium\TSI_SAMP_SAMI\TSI_SAMP_SAMI_V3.4.SchDoc with RES_3.6M_0603 from RES_3.6M_0603.SchLib
Replace Part R4 RES_100K_0603 in E:\Documents\CanAssist\Altium\TSI_SAMP_SAMI\TSI_SAMP_SAMI_V3.4.SchDoc with RES_100K_0603 from RES_100K_0603.SchLib
Replace Part R5 RES_20K_0603 in E:\Documents\CanAssist\Altium\TSI_SAMP_SAMI\TSI_SAMP_SAMI_V3.4.SchDoc with RES_20K_0603 from RES_20K_0603.SchLib
Replace Part R6 RES_20K_0603 in E:\Documents\CanAssist\Altium\TSI_SAMP_SAMI\TSI_SAMP_SAMI_V3.4.SchDoc with RES_20K_0603 from RES_20K_0603.SchLib
Replace Part R7 RES_2K1_0603 in E:\Documents\CanAssist\Altium\TSI_SAMP_SAMI\TSI_SAMP_SAMI_V3.4.SchDoc with RES_2K1_0603 from RES_2K1_0603.SchLib
Replace Part R8 RES_10K_0603 in E:\Documents\CanAssist\Altium\TSI_SAMP_SAMI\TSI_SAMP_SAMI_V3.4.SchDoc with RES_10K_0603 from RES_10K_0603.SchLib
Replace Part R9 RES_20K_0603 in E:\Documents\CanAssist\Altium\TSI_SAMP_SAMI\TSI_SAMP_SAMI_V3.4.SchDoc with RES_20K_0603 from RES_20K_0603.SchLib
Replace Part R10 RES_20K_0603 in E:\Documents\CanAssist\Altium\TSI_SAMP_SAMI\TSI_SAMP_SAMI_V3.4.SchDoc with RES_20K_0603 from RES_20K_0603.SchLib
Replace Part R11 RES_10K_0603 in E:\Documents\CanAssist\Altium\TSI_SAMP_SAMI\TSI_SAMP_SAMI_V3.4.SchDoc with RES_10K_0603 from RES_10K_0603.SchLib
Replace Part R12 RES_22R_0603 in E:\Documents\CanAssist\Altium\TSI_SAMP_SAMI\TSI_SAMP_SAMI_V3.4.SchDoc with RES_22R_0603 from RES_22R_0603.SchLib
Replace Part R13 RES_22R_0603 in E:\Documents\CanAssist\Altium\TSI_SAMP_SAMI\TSI_SAMP_SAMI_V3.4.SchDoc with RES_22R_0603 from RES_22R_0603.SchLib
Replace Part R14 RES_1K_0603 in E:\Documents\CanAssist\Altium\TSI_SAMP_SAMI\TSI_SAMP_SAMI_V3.4.SchDoc with RES_1K_0603 from RES_1K_0603.SchLib
Replace Part R15 RES_1K_0603 in E:\Documents\CanAssist\Altium\TSI_SAMP_SAMI\TSI_SAMP_SAMI_V3.4.SchDoc with RES_1K_0603 from RES_1K_0603.SchLib
Replace Part R16 RES_0R_0603 in E:\Documents\CanAssist\Altium\TSI_SAMP_SAMI\TSI_SAMP_SAMI_V3.4.SchDoc with RES_0R_0603 from RES_0R_0603.SchLib
Replace Part R17 RES_0R_0603 in E:\Documents\CanAssist\Altium\TSI_SAMP_SAMI\TSI_SAMP_SAMI_V3.4.SchDoc with RES_0R_0603 from RES_0R_0603.SchLib
Replace Part R18 RES_0R_0603 in E:\Documents\CanAssist\Altium\TSI_SAMP_SAMI\TSI_SAMP_SAMI_V3.4.SchDoc with RES_0R_0603 from RES_0R_0603.SchLib
Replace Part R19 RES_0R_0603 in E:\Documents\CanAssist\Altium\TSI_SAMP_SAMI\TSI_SAMP_SAMI_V3.4.SchDoc with RES_0R_0603 from RES_0R_0603.SchLib
Replace Part R20 RES_4K7_0603 in E:\Documents\CanAssist\Altium\TSI_SAMP_SAMI\TSI_SAMP_SAMI_V3.4.SchDoc with RES_4K7_0603 from RES_4K7_0603.SchLib
Replace Part R21 RES_4K7_0603 in E:\Documents\CanAssist\Altium\TSI_SAMP_SAMI\TSI_SAMP_SAMI_V3.4.SchDoc with RES_4K7_0603 from RES_4K7_0603.SchLib
Replace Part R22 RES_190R_0603 in E:\Documents\CanAssist\Altium\TSI_SAMP_SAMI\TSI_SAMP_SAMI_V3.4.SchDoc with RES_190R_0603 from RES_190R_0603.SchLib
Replace Part R23 RES_190R_0603 in E:\Documents\CanAssist\Altium\TSI_SAMP_SAMI\TSI_SAMP_SAMI_V3.4.SchDoc with RES_190R_0603 from RES_190R_0603.SchLib
Replace Part R24 RES_190R_0603 in E:\Documents\CanAssist\Altium\TSI_SAMP_SAMI\TSI_SAMP_SAMI_V3.4.SchDoc with RES_190R_0603 from RES_190R_0603.SchLib
Replace Part R25 RES_190R_0603 in E:\Documents\CanAssist\Altium\TSI_SAMP_SAMI\TSI_SAMP_SAMI_V3.4.SchDoc with RES_190R_0603 from RES_190R_0603.SchLib
Replace Part R26 RES_10K_0603 in E:\Documents\CanAssist\Altium\TSI_SAMP_SAMI\TSI_SAMP_SAMI_V3.4.SchDoc with RES_10K_0603 from RES_10K_0603.SchLib
Replace Part R27 RES_0R_0603 in E:\Documents\CanAssist\Altium\TSI_SAMP_SAMI\TSI_SAMP_SAMI_V3.4.SchDoc with RES_0R_0603 from RES_0R_0603.SchLib
Replace Part R28 RES_10K_0603 in E:\Documents\CanAssist\Altium\TSI_SAMP_SAMI\TSI_SAMP_SAMI_V3.4.SchDoc with RES_10K_0603 from RES_10K_0603.SchLib
Replace Part R29 RES_0R_0603 in E:\Documents\CanAssist\Altium\TSI_SAMP_SAMI\TSI_SAMP_SAMI_V3.4.SchDoc with RES_0R_0603 from RES_0R_0603.SchLib
Replace Part R30 RES_10K_0603 in E:\Documents\CanAssist\Altium\TSI_SAMP_SAMI\TSI_SAMP_SAMI_V3.4.SchDoc with RES_10K_0603 from RES_10K_0603.SchLib
Replace Part R31 RES_0R_0603 in E:\Documents\CanAssist\Altium\TSI_SAMP_SAMI\TSI_SAMP_SAMI_V3.4.SchDoc with RES_0R_0603 from RES_0R_0603.SchLib
Replace Part R32 RES_10K_0603 in E:\Documents\CanAssist\Altium\TSI_SAMP_SAMI\TSI_SAMP_SAMI_V3.4.SchDoc with RES_10K_0603 from RES_10K_0603.SchLib
Replace Part R33 RES_0R_0603 in E:\Documents\CanAssist\Altium\TSI_SAMP_SAMI\TSI_SAMP_SAMI_V3.4.SchDoc with RES_0R_0603 from RES_0R_0603.SchLib
Replace Part R34 RES_10K_0603 in E:\Documents\CanAssist\Altium\TSI_SAMP_SAMI\TSI_SAMP_SAMI_V3.4.SchDoc with RES_10K_0603 from RES_10K_0603.SchLib
Replace Part R35 RES_0R_0603 in E:\Documents\CanAssist\Altium\TSI_SAMP_SAMI\TSI_SAMP_SAMI_V3.4.SchDoc with RES_0R_0603 from RES_0R_0603.SchLib
Replace Part R36 RES_10K_0603 in E:\Documents\CanAssist\Altium\TSI_SAMP_SAMI\TSI_SAMP_SAMI_V3.4.SchDoc with RES_10K_0603 from RES_10K_0603.SchLib
Replace Part R37 RES_10K_0603 in E:\Documents\CanAssist\Altium\TSI_SAMP_SAMI\TSI_SAMP_SAMI_V3.4.SchDoc with RES_10K_0603 from RES_10K_0603.SchLib
Replace Part R38 RES_1M_0603 in E:\Documents\CanAssist\Altium\TSI_SAMP_SAMI\TSI_SAMP_SAMI_V3.4.SchDoc with RES_1M_0603 from RES_1M_0603.SchLib
Replace Part R39 RES_100K_0603 in E:\Documents\CanAssist\Altium\TSI_SAMP_SAMI\TSI_SAMP_SAMI_V3.4.SchDoc with RES_100K_0603 from RES_100K_0603.SchLib
Replace Part R40 RES_100K_0603 in E:\Documents\CanAssist\Altium\TSI_SAMP_SAMI\TSI_SAMP_SAMI_V3.4.SchDoc with RES_100K_0603 from RES_100K_0603.SchLib
Replace Part R41 RES_100K_0603 in E:\Documents\CanAssist\Altium\TSI_SAMP_SAMI\TSI_SAMP_SAMI_V3.4.SchDoc with RES_100K_0603 from RES_100K_0603.SchLib
Replace Part R42 RES_100K_0603 in E:\Documents\CanAssist\Altium\TSI_SAMP_SAMI\TSI_SAMP_SAMI_V3.4.SchDoc with RES_100K_0603 from RES_100K_0603.SchLib
Replace Part R43 RES_10K_0603 in E:\Documents\CanAssist\Altium\TSI_SAMP_SAMI\TSI_SAMP_SAMI_V3.4.SchDoc with RES_10K_0603 from RES_10K_0603.SchLib
Replace Part R44 RES_1K_0603 in E:\Documents\CanAssist\Altium\TSI_SAMP_SAMI\TSI_SAMP_SAMI_V3.4.SchDoc with RES_1K_0603 from RES_1K_0603.SchLib
Replace Part R45 RES_1K_0603 in E:\Documents\CanAssist\Altium\TSI_SAMP_SAMI\TSI_SAMP_SAMI_V3.4.SchDoc with RES_1K_0603 from RES_1K_0603.SchLib
Replace Part R46 RES_1K_0603 in E:\Documents\CanAssist\Altium\TSI_SAMP_SAMI\TSI_SAMP_SAMI_V3.4.SchDoc with RES_1K_0603 from RES_1K_0603.SchLib
Replace Part R47 RES_1K_0603 in E:\Documents\CanAssist\Altium\TSI_SAMP_SAMI\TSI_SAMP_SAMI_V3.4.SchDoc with RES_1K_0603 from RES_1K_0603.SchLib
Replace Part R48 RES_10K_0603 in E:\Documents\CanAssist\Altium\TSI_SAMP_SAMI\TSI_SAMP_SAMI_V3.4.SchDoc with RES_10K_0603 from RES_10K_0603.SchLib
Replace Part R49 RES_10K_0603 in E:\Documents\CanAssist\Altium\TSI_SAMP_SAMI\TSI_SAMP_SAMI_V3.4.SchDoc with RES_10K_0603 from RES_10K_0603.SchLib
Replace Part R50 RES_10K_0603 in E:\Documents\CanAssist\Altium\TSI_SAMP_SAMI\TSI_SAMP_SAMI_V3.4.SchDoc with RES_10K_0603 from RES_10K_0603.SchLib
Replace Part R51 RES_100R_0603 in E:\Documents\CanAssist\Altium\TSI_SAMP_SAMI\TSI_SAMP_SAMI_V3.4.SchDoc with RES_100R_0603 from RES_100R_0603.SchLib
Replace Part R52 RES_100K_0603 in E:\Documents\CanAssist\Altium\TSI_SAMP_SAMI\TSI_SAMP_SAMI_V3.4.SchDoc with RES_100K_0603 from RES_100K_0603.SchLib
Replace Part R53 RES_100K_0603 in E:\Documents\CanAssist\Altium\TSI_SAMP_SAMI\TSI_SAMP_SAMI_V3.4.SchDoc with RES_100K_0603 from RES_100K_0603.SchLib
Replace Part R54 RES_100K_0603 in E:\Documents\CanAssist\Altium\TSI_SAMP_SAMI\TSI_SAMP_SAMI_V3.4.SchDoc with RES_100K_0603 from RES_100K_0603.SchLib
Replace Part R55 RES_100K_0603 in E:\Documents\CanAssist\Altium\TSI_SAMP_SAMI\TSI_SAMP_SAMI_V3.4.SchDoc with RES_100K_0603 from RES_100K_0603.SchLib
Replace Part R56 RES_100R_0603 in E:\Documents\CanAssist\Altium\TSI_SAMP_SAMI\TSI_SAMP_SAMI_V3.4.SchDoc with RES_100R_0603 from RES_100R_0603.SchLib
Replace Part R57 RES_10R_0603 in E:\Documents\CanAssist\Altium\TSI_SAMP_SAMI\TSI_SAMP_SAMI_V3.4.SchDoc with RES_10R_0603 from RES_10R_0603.SchLib
Replace Part R58 RES_1K_0603 in E:\Documents\CanAssist\Altium\TSI_SAMP_SAMI\TSI_SAMP_SAMI_V3.4.SchDoc with RES_1K_0603 from RES_1K_0603.SchLib
Replace Part R59 RES_10K_0603 in E:\Documents\CanAssist\Altium\TSI_SAMP_SAMI\TSI_SAMP_SAMI_V3.4.SchDoc with RES_10K_0603 from RES_10K_0603.SchLib
Replace Part R60 RES_10K_0603 in E:\Documents\CanAssist\Altium\TSI_SAMP_SAMI\TSI_SAMP_SAMI_V3.4.SchDoc with RES_10K_0603 from RES_10K_0603.SchLib
Replace Part R61 RES_10K_0603 in E:\Documents\CanAssist\Altium\TSI_SAMP_SAMI\TSI_SAMP_SAMI_V3.4.SchDoc with RES_10K_0603 from RES_10K_0603.SchLib
Replace Part R64 RES_10K_0603 in E:\Documents\CanAssist\Altium\TSI_SAMP_SAMI\TSI_SAMP_SAMI_V3.4.SchDoc with RES_10K_0603 from RES_10K_0603.SchLib
Replace Part R65 RES_0R_0603 in E:\Documents\CanAssist\Altium\TSI_SAMP_SAMI\TSI_SAMP_SAMI_V3.4.SchDoc with RES_0R_0603 from RES_0R_0603.SchLib
Replace Part R66 RES_10K_0603 in E:\Documents\CanAssist\Altium\TSI_SAMP_SAMI\TSI_SAMP_SAMI_V3.4.SchDoc with RES_10K_0603 from RES_10K_0603.SchLib
Replace Part R67 RES_0R_0603 in E:\Documents\CanAssist\Altium\TSI_SAMP_SAMI\TSI_SAMP_SAMI_V3.4.SchDoc with RES_0R_0603 from RES_0R_0603.SchLib
Replace Part R68 RES_0R_0603 in E:\Documents\CanAssist\Altium\TSI_SAMP_SAMI\TSI_SAMP_SAMI_V3.4.SchDoc with RES_0R_0603 from RES_0R_0603.SchLib
Replace Part R69 RES_0R_0603 in E:\Documents\CanAssist\Altium\TSI_SAMP_SAMI\TSI_SAMP_SAMI_V3.4.SchDoc with RES_0R_0603 from RES_0R_0603.SchLib
Replace Part R70 RES_0R_0603 in E:\Documents\CanAssist\Altium\TSI_SAMP_SAMI\TSI_SAMP_SAMI_V3.4.SchDoc with RES_0R_0603 from RES_0R_0603.SchLib
Replace Part R71 RES_1K_0603 in E:\Documents\CanAssist\Altium\TSI_SAMP_SAMI\TSI_SAMP_SAMI_V3.4.SchDoc with RES_1K_0603 from RES_1K_0603.SchLib
Replace Part R72 RES_0R_0603 in E:\Documents\CanAssist\Altium\TSI_SAMP_SAMI\TSI_SAMP_SAMI_V3.4.SchDoc with RES_0R_0603 from RES_0R_0603.SchLib
Replace Part R73 RES_1K_0603 in E:\Documents\CanAssist\Altium\TSI_SAMP_SAMI\TSI_SAMP_SAMI_V3.4.SchDoc with RES_1K_0603 from RES_1K_0603.SchLib
Replace Part R74 RES_0R_0603 in E:\Documents\CanAssist\Altium\TSI_SAMP_SAMI\TSI_SAMP_SAMI_V3.4.SchDoc with RES_0R_0603 from RES_0R_0603.SchLib
Replace Part R75 RES_0R_0603 in E:\Documents\CanAssist\Altium\TSI_SAMP_SAMI\TSI_SAMP_SAMI_V3.4.SchDoc with RES_0R_0603 from RES_0R_0603.SchLib
Replace Part R76 RES_0R_0603 in E:\Documents\CanAssist\Altium\TSI_SAMP_SAMI\TSI_SAMP_SAMI_V3.4.SchDoc with RES_0R_0603 from RES_0R_0603.SchLib
Replace Part R77 RES_0R_0603 in E:\Documents\CanAssist\Altium\TSI_SAMP_SAMI\TSI_SAMP_SAMI_V3.4.SchDoc with RES_0R_0603 from RES_0R_0603.SchLib
Replace Part R78 RES_0R_0603 in E:\Documents\CanAssist\Altium\TSI_SAMP_SAMI\TSI_SAMP_SAMI_V3.4.SchDoc with RES_0R_0603 from RES_0R_0603.SchLib
Replace Part R79 RES_0R_0603 in E:\Documents\CanAssist\Altium\TSI_SAMP_SAMI\TSI_SAMP_SAMI_V3.4.SchDoc with RES_0R_0603 from RES_0R_0603.SchLib
Replace Part R80 RES_0R_0603 in E:\Documents\CanAssist\Altium\TSI_SAMP_SAMI\TSI_SAMP_SAMI_V3.4.SchDoc with RES_0R_0603 from RES_0R_0603.SchLib
Replace Part R81 RES_0R_0603 in E:\Documents\CanAssist\Altium\TSI_SAMP_SAMI\TSI_SAMP_SAMI_V3.4.SchDoc with RES_0R_0603 from RES_0R_0603.SchLib
Replace Part R82 RES_0R_0603 in E:\Documents\CanAssist\Altium\TSI_SAMP_SAMI\TSI_SAMP_SAMI_V3.4.SchDoc with RES_0R_0603 from RES_0R_0603.SchLib
Replace Part R83 RES_0R_0603 in E:\Documents\CanAssist\Altium\TSI_SAMP_SAMI\TSI_SAMP_SAMI_V3.4.SchDoc with RES_0R_0603 from RES_0R_0603.SchLib
Replace Part R84 RES_0R_0603 in E:\Documents\CanAssist\Altium\TSI_SAMP_SAMI\TSI_SAMP_SAMI_V3.4.SchDoc with RES_0R_0603 from RES_0R_0603.SchLib
Replace Part R85 RES_0R_0603 in E:\Documents\CanAssist\Altium\TSI_SAMP_SAMI\TSI_SAMP_SAMI_V3.4.SchDoc with RES_0R_0603 from RES_0R_0603.SchLib
Replace Part R86 RES_0R_0603 in E:\Documents\CanAssist\Altium\TSI_SAMP_SAMI\TSI_SAMP_SAMI_V3.4.SchDoc with RES_0R_0603 from RES_0R_0603.SchLib
Replace Part R87 RES_0R_0603 in E:\Documents\CanAssist\Altium\TSI_SAMP_SAMI\TSI_SAMP_SAMI_V3.4.SchDoc with RES_0R_0603 from RES_0R_0603.SchLib
Replace Part R88 RES_0R_0603 in E:\Documents\CanAssist\Altium\TSI_SAMP_SAMI\TSI_SAMP_SAMI_V3.4.SchDoc with RES_0R_0603 from RES_0R_0603.SchLib
Replace Part R89 RES_0R_0603 in E:\Documents\CanAssist\Altium\TSI_SAMP_SAMI\TSI_SAMP_SAMI_V3.4.SchDoc with RES_0R_0603 from RES_0R_0603.SchLib
Replace Part R90 RES_0R_0603 in E:\Documents\CanAssist\Altium\TSI_SAMP_SAMI\TSI_SAMP_SAMI_V3.4.SchDoc with RES_0R_0603 from RES_0R_0603.SchLib
Replace Part R91 RES_0R_0603 in E:\Documents\CanAssist\Altium\TSI_SAMP_SAMI\TSI_SAMP_SAMI_V3.4.SchDoc with RES_0R_0603 from RES_0R_0603.SchLib
Replace Part R92 RES_0R_0603 in E:\Documents\CanAssist\Altium\TSI_SAMP_SAMI\TSI_SAMP_SAMI_V3.4.SchDoc with RES_0R_0603 from RES_0R_0603.SchLib
Replace Part S1 SW_SLIDE_RA_TH_DPDT in E:\Documents\CanAssist\Altium\TSI_SAMP_SAMI\TSI_SAMP_SAMI_V3.4.SchDoc with SW_SLIDE_RA_TH_DPDT from SW_SLIDE_RA_TH_DPDT.SchLib
Replace Part S2 SW_SLIDE_SPDT_VERT_TH in E:\Documents\CanAssist\Altium\TSI_SAMP_SAMI\TSI_SAMP_SAMI_V3.4.SchDoc with SW_SLIDE_SPDT_VERT_TH from SW_SLIDE_SPDT_VERT_TH.SchLib
Replace Part S3 ENC_ROTARY_20PPR_TH in E:\Documents\CanAssist\Altium\TSI_SAMP_SAMI\TSI_SAMP_SAMI_V3.4.SchDoc with ENC_ROTARY_20PPR_TH from ENC_ROTARY_20PPR_TH.SchLib
Replace Part S4 ENC_ROTARY_20PPR_TH in E:\Documents\CanAssist\Altium\TSI_SAMP_SAMI\TSI_SAMP_SAMI_V3.4.SchDoc with ENC_ROTARY_20PPR_TH from ENC_ROTARY_20PPR_TH.SchLib
Replace Part S5 SW_TACTILE_SPST-NO in E:\Documents\CanAssist\Altium\TSI_SAMP_SAMI\TSI_SAMP_SAMI_V3.4.SchDoc with SW_TACTILE_SPST-NO from SW_TACTILE_SPST-NO.SchLib
Replace Part T4 CONN_TP_SMD in E:\Documents\CanAssist\Altium\TSI_SAMP_SAMI\TSI_SAMP_SAMI_V3.4.SchDoc with CONN_TP_SMD from CONN_TP_SMD.SchLib
Replace Part T7 CONN_TP_SMD in E:\Documents\CanAssist\Altium\TSI_SAMP_SAMI\TSI_SAMP_SAMI_V3.4.SchDoc with CONN_TP_SMD from CONN_TP_SMD.SchLib
Replace Part T8 CONN_TP_SMD in E:\Documents\CanAssist\Altium\TSI_SAMP_SAMI\TSI_SAMP_SAMI_V3.4.SchDoc with CONN_TP_SMD from CONN_TP_SMD.SchLib
Replace Part T10 CONN_TP_SMD in E:\Documents\CanAssist\Altium\TSI_SAMP_SAMI\TSI_SAMP_SAMI_V3.4.SchDoc with CONN_TP_SMD from CONN_TP_SMD.SchLib
Replace Part T11 CONN_TP_SMD in E:\Documents\CanAssist\Altium\TSI_SAMP_SAMI\TSI_SAMP_SAMI_V3.4.SchDoc with CONN_TP_SMD from CONN_TP_SMD.SchLib
Replace Part T12 CONN_TP_SMD in E:\Documents\CanAssist\Altium\TSI_SAMP_SAMI\TSI_SAMP_SAMI_V3.4.SchDoc with CONN_TP_SMD from CONN_TP_SMD.SchLib
Replace Part T13 CONN_TP_SMD in E:\Documents\CanAssist\Altium\TSI_SAMP_SAMI\TSI_SAMP_SAMI_V3.4.SchDoc with CONN_TP_SMD from CONN_TP_SMD.SchLib
Replace Part TP1 TEST POINT ROUND SMD 0.6mm in E:\Documents\CanAssist\Altium\TSI_SAMP_SAMI\TSI_SAMP_SAMI_V3.4.SchDoc with TEST POINT ROUND SMD 0.6mm from Intercom Gen2 Main PCB.SCHLIB
Replace Part TP2 TEST POINT ROUND SMD 0.6mm in E:\Documents\CanAssist\Altium\TSI_SAMP_SAMI\TSI_SAMP_SAMI_V3.4.SchDoc with TEST POINT ROUND SMD 0.6mm from Intercom Gen2 Main PCB.SCHLIB
Replace Part U1 LIPO-CHARGING_8.4V_10DFN in E:\Documents\CanAssist\Altium\TSI_SAMP_SAMI\TSI_SAMP_SAMI_V3.4.SchDoc with LIPO-CHARGING_8.4V_10DFN from LIPO-CHARGING_8.4V_10DFN.SchLib
Replace Part U2 MAX9744 in E:\Documents\CanAssist\Altium\TSI_SAMP_SAMI\TSI_SAMP_SAMI_V3.4.SchDoc with MAX9744 from Intercom Gen2 Main PCB.SCHLIB
Replace Part U3 MAX6818EAP+T in E:\Documents\CanAssist\Altium\TSI_SAMP_SAMI\TSI_SAMP_SAMI_V3.4.SchDoc with MAX6818EAP+T from IC_DEBOUNCE_8IN8OUT_SMD.SchLib
Replace Part U4 IC_REG_LINEAR_3V3_1V8_SMD in E:\Documents\CanAssist\Altium\TSI_SAMP_SAMI\TSI_SAMP_SAMI_V3.4.SchDoc with IC_REG_LINEAR_3V3_1V8_SMD from IC_REG_LINEAR_3V3_1V8_SMD.SchLib
Replace Part U5 MAX6818EAP+T in E:\Documents\CanAssist\Altium\TSI_SAMP_SAMI\TSI_SAMP_SAMI_V3.4.SchDoc with MAX6818EAP+T from IC_DEBOUNCE_8IN8OUT_SMD.SchLib
Replace Part U6 IC_SSR_NO_SMD in E:\Documents\CanAssist\Altium\TSI_SAMP_SAMI\TSI_SAMP_SAMI_V3.4.SchDoc with IC_SSR_NO_SMD from IC_SSR_NO_SMD.SchLib
Replace Part U7 IC_SSR_NO_SMD in E:\Documents\CanAssist\Altium\TSI_SAMP_SAMI\TSI_SAMP_SAMI_V3.4.SchDoc with IC_SSR_NO_SMD from IC_SSR_NO_SMD.SchLib
Replace Part U8 IC_SSR_NO_SMD in E:\Documents\CanAssist\Altium\TSI_SAMP_SAMI\TSI_SAMP_SAMI_V3.4.SchDoc with IC_SSR_NO_SMD from IC_SSR_NO_SMD.SchLib
Replace Part U9 IC_SSR_NO_SMD in E:\Documents\CanAssist\Altium\TSI_SAMP_SAMI\TSI_SAMP_SAMI_V3.4.SchDoc with IC_SSR_NO_SMD from IC_SSR_NO_SMD.SchLib
Replace Part U10 IC_MDBT50Q-1M_SMD in E:\Documents\CanAssist\Altium\TSI_SAMP_SAMI\TSI_SAMP_SAMI_V3.4.SchDoc with IC_MDBT50Q-1M_SMD from IC_MDBT50Q-1M_SMD.SchLib
Replace Part U11 IC_VS1053B_LQFP48 in E:\Documents\CanAssist\Altium\TSI_SAMP_SAMI\TSI_SAMP_SAMI_V3.4.SchDoc with IC_VS1053B_LQFP48 from IC_VS1053B_LQFP48.SchLib
Replace Part U12 IC_BUF_ESD_CD74HC4050MT in E:\Documents\CanAssist\Altium\TSI_SAMP_SAMI\TSI_SAMP_SAMI_V3.4.SchDoc with IC_BUF_ESD_CD74HC4050MT from IC_BUF_ESD_CD74HC4050MT.SchLib
Replace Part VR1 POT_1K_LOG_TH_RA in E:\Documents\CanAssist\Altium\TSI_SAMP_SAMI\TSI_SAMP_SAMI_V3.4.SchDoc with POT_1K_LOG_TH_RA from POT_1K_LOG_TH_RA.SchLib
Replace Part VR2 3.3V_REG_D2PAK in E:\Documents\CanAssist\Altium\TSI_SAMP_SAMI\TSI_SAMP_SAMI_V3.4.SchDoc with 3.3V_REG_D2PAK from REG_3.3V_D2PAK.SchLib
Replace Part XTAL1 XTAL - 32.768kHz ECS-.327-12.5-34B-TR in E:\Documents\CanAssist\Altium\TSI_SAMP_SAMI\TSI_SAMP_SAMI_V3.4.SchDoc with XTAL - 32.768kHz ECS-.327-12.5-34B-TR from RC_ControllerV.2.SchLib
Replace Part XTAL2 XTAL_12.288MHz_SMD in E:\Documents\CanAssist\Altium\TSI_SAMP_SAMI\TSI_SAMP_SAMI_V3.4.SchDoc with XTAL_12.288MHz_SMD from XTAL_12.288MHz_SMD.SchLib
